tracebox to 1.2.3.4 (1.2.3.4): 64 hops max
1: 1.1.1.1 TCP::CheckSum -TCPOptionExtendedDataOffsetRequest 
2: 1.2.3.4 TCP::CheckSum IP::TTL IP::CheckSum -TCPOptionExtendedDataOffsetRequest 
